This is pdfTeX, Version 3.141592653-2.6-1.40.26 (TeX Live 2025/dev/Debian) (preloaded format=pdflatex 2025.10.4)  3 NOV 2025 21:45
entering extended mode
 restricted \write18 enabled.
 %&-line parsing enabled.
**/home/vy/Documents/latexProject/schoolProjects/PTHTTM/Chuong/7_Luu_y_tai_lieu
_tham_khao.tex

(/home/vy/Documents/latexProject/schoolProjects/PTHTTM/Chuong/7_Luu_y_tai_lieu_
tham_khao.tex
LaTeX2e <2024-11-01> patch level 2
L3 programming layer <2025-01-18>
)
! Emergency stop.
<*> ...THTTM/Chuong/7_Luu_y_tai_lieu_tham_khao.tex
                                                  
*** (job aborted, no legal \end found)

 
Here is how much of TeX's memory you used:
 16 strings out of 473197
 628 string characters out of 5718605
 391986 words of memory out of 5000000
 23365 multiletter control sequences out of 15000+600000
 558837 words of font info for 36 fonts, out of 8000000 for 9000
 1141 hyphenation exceptions out of 8191
 12i,0n,13p,459b,8s stack positions out of 10000i,1000n,20000p,200000b,200000s
!  ==> Fatal error occurred, no output PDF file produced!
