\BOOKMARK [0][-]{chapter.1}{\376\377\000G\000I\036\332\000I\000\040\000T\000H\000I\036\306\000U\000\040\001\020\036\300\000\040\000T\000\300\000I}{}% 1
\BOOKMARK [1][-]{section.1.1}{\376\377\000T\000\354\000m\000\040\000h\000i\036\303\000u\000\040\000P\000h\000\341\000t\000\040\000t\000r\000i\036\303\000n\000\040\000h\036\307\000\040\000t\000h\036\321\000n\000g\000\040\000p\000h\000\341\000t\000\040\000h\000i\036\307\000n\000\040\000n\000g\001\260\036\335\000i\000\040\000m\036\245\000t\000\040\000t\000\355\000c\000h\000\040\000d\036\361\000a\000\040\000t\000r\000\352\000n\000\040\000d\036\357\000\040\000l\000i\036\307\000u\000\040\036\243\000n\000h\000\040\000c\000h\036\345\000p}{chapter.1}% 2
\BOOKMARK [1][-]{section.1.2}{\376\377\000H\000i\036\307\000n\000\040\000t\000r\036\241\000n\000g\000\040\000t\000h\036\361\000c\000\040\000t\036\277}{chapter.1}% 3
\BOOKMARK [1][-]{section.1.3}{\376\377\000G\000i\036\243\000i\000\040\000p\000h\000\341\000p\000\040\001\021\036\301\000\040\000x\000u\036\245\000t}{chapter.1}% 4
\BOOKMARK [1][-]{section.1.4}{\376\377\000C\036\245\000u\000\040\000t\000r\000\372\000c\000\040\000b\000\341\000o\000\040\000c\000\341\000o}{chapter.1}% 5
\BOOKMARK [0][-]{chapter.2}{\376\377\000C\001\240\000\040\000S\036\336\000\040\000L\000\335\000\040\000T\000H\000U\000Y\036\276\000T\000\040\000V\000\300\000\040\000C\000\324\000N\000G\000\040\000N\000G\000H\036\306\000\040\000S\036\354\000\040\000D\036\344\000N\000G}{}% 6
\BOOKMARK [1][-]{section.2.1}{\376\377\000C\001\241\000\040\000s\036\337\000\040\000l\000\375\000\040\000t\000h\000u\000y\036\277\000t}{chapter.2}% 7
\BOOKMARK [2][-]{subsection.2.1.1}{\376\377\000T\000r\000\355\000\040\000t\000u\036\307\000\040\000n\000h\000\342\000n\000\040\000t\036\241\000o}{section.2.1}% 8
\BOOKMARK [2][-]{subsection.2.1.2}{\376\377\000H\036\315\000c\000\040\000s\000\342\000u}{section.2.1}% 9
\BOOKMARK [2][-]{subsection.2.1.3}{\376\377\000M\036\241\000n\000g\000\040\000n\000e\000u\000r\000o\000n\000\040\000n\000h\000\342\000n\000\040\000t\036\241\000o\000\040\000v\000\340\000\040\000M\036\241\000n\000g\000\040\000n\000e\000u\000r\000o\000n\000\040\000t\000\355\000c\000h\000\040\000c\000h\036\255\000p}{section.2.1}% 10
\BOOKMARK [2][-]{subsection.2.1.4}{\376\377\000F\000a\000c\000e\000\040\000E\000m\000b\000e\000d\000d\000i\000n\000g}{section.2.1}% 11
\BOOKMARK [2][-]{subsection.2.1.5}{\376\377\000S\000i\000m\000i\000l\000a\000r\000i\000t\000y\000\040\000S\000e\000a\000r\000c\000h}{section.2.1}% 12
\BOOKMARK [2][-]{subsection.2.1.6}{\376\377\000L\000e\000a\000r\000n\000i\000n\000g\000\040\000s\000i\000m\000i\000l\000a\000r\000i\000t\000y}{section.2.1}% 13
\BOOKMARK [2][-]{subsection.2.1.7}{\376\377\000C\000o\000s\000F\000a\000c\000e}{section.2.1}% 14
\BOOKMARK [2][-]{subsection.2.1.8}{\376\377\000S\000i\000a\000m\000e\000s\000e\000\040\000N\000e\000t\000w\000o\000r\000k}{section.2.1}% 15
\BOOKMARK [1][-]{section.2.2}{\376\377\000B\036\331\000\040\000d\036\357\000\040\000l\000i\036\307\000u\000\040\000h\000u\036\245\000n\000\040\000l\000u\000y\036\307\000n}{chapter.2}% 16
\BOOKMARK [2][-]{subsection.2.2.1}{\376\377\000P\000i\000n\000s\000\040\000F\000a\000c\000e\000\040\000R\000e\000c\000o\000g\000n\000i\000t\000i\000o\000n}{section.2.2}% 17
\BOOKMARK [2][-]{subsection.2.2.2}{\376\377\000L\000F\000W\000\040\000\050\000L\000a\000b\000e\000l\000e\000d\000\040\000F\000a\000c\000e\000s\000\040\000i\000n\000\040\000t\000h\000e\000\040\000W\000i\000l\000d\000\051}{section.2.2}% 18
\BOOKMARK [1][-]{section.2.3}{\376\377\000C\000\364\000n\000g\000\040\000n\000g\000h\036\307\000\040\000s\036\355\000\040\000d\036\345\000n\000g}{chapter.2}% 19
\BOOKMARK [2][-]{subsection.2.3.1}{\376\377\000E\000x\000p\000r\000e\000s\000s}{section.2.3}% 20
\BOOKMARK [2][-]{subsection.2.3.2}{\376\377\000N\000o\000d\000e\000.\000j\000s}{section.2.3}% 21
\BOOKMARK [2][-]{subsection.2.3.3}{\376\377\000O\000p\000e\000n\000\040\000C\000V}{section.2.3}% 22
\BOOKMARK [2][-]{subsection.2.3.4}{\376\377\000R\000e\000a\000c\000t}{section.2.3}% 23
\BOOKMARK [2][-]{subsection.2.3.5}{\376\377\000P\000y\000t\000h\000o\000n}{section.2.3}% 24
\BOOKMARK [2][-]{subsection.2.3.6}{\376\377\000T\000e\000n\000s\000o\000r\000F\000l\000o\000w}{section.2.3}% 25
\BOOKMARK [2][-]{subsection.2.3.7}{\376\377\000M\000i\000c\000r\000o\000s\000o\000f\000t\000\040\000S\000Q\000L\000\040\000S\000e\000r\000v\000e\000r}{section.2.3}% 26
\BOOKMARK [2][-]{subsection.2.3.8}{\376\377\000A\000m\000a\000z\000o\000n\000\040\000W\000e\000b\000\040\000S\000e\000r\000v\000i\000c\000e\000s}{section.2.3}% 27
\BOOKMARK [2][-]{subsection.2.3.9}{\376\377\000C\000h\000r\000o\000m\000a\000D\000B}{section.2.3}% 28
\BOOKMARK [0][-]{chapter.3}{\376\377\000P\000H\000\302\000N\000\040\000T\000\315\000C\000H\000\040\000T\000H\000U\000Y\036\276\000T\000\040\000K\036\276\000\040\000H\036\306\000\040\000T\000H\036\320\000N\000G}{}% 29
\BOOKMARK [1][-]{section.3.1}{\376\377\000M\000\364\000\040\000h\000\354\000n\000h\000\040\000n\000g\000h\000i\036\307\000p\000\040\000v\036\345\000\040\000c\036\347\000a\000\040\000h\036\307\000\040\000t\000h\036\321\000n\000g}{chapter.3}% 30
\BOOKMARK [2][-]{subsection.3.1.1}{\376\377\000S\001\241\000\040\001\021\036\323\000\040\000c\001\241\000\040\000c\036\245\000u}{section.3.1}% 31
\BOOKMARK [2][-]{subsection.3.1.2}{\376\377\000C\000h\036\351\000c\000\040\000n\001\003\000n\000g\000\040\000t\036\353\000n\000g\000\040\000b\036\331\000\040\000p\000h\036\255\000n}{section.3.1}% 32
\BOOKMARK [1][-]{section.3.2}{\376\377\000Q\000u\000y\000\040\000t\000r\000\354\000n\000h\000\040\000n\000g\000h\000i\036\307\000p\000\040\000v\036\345}{chapter.3}% 33
\BOOKMARK [2][-]{subsection.3.2.1}{\376\377\000T\036\241\000o\000,\000\040\000X\000\341\000c\000\040\000M\000i\000n\000h\000\040\000v\000\340\000\040\000Q\000u\036\243\000n\000\040\000L\000\375\000\040\000H\036\323\000\040\000S\001\241\000\040\000N\000g\001\260\036\335\000i\000\040\000M\036\245\000t\000\040\000T\000\355\000c\000h}{section.3.2}% 34
\BOOKMARK [2][-]{subsection.3.2.2}{\376\377\000T\000h\000\364\000n\000g\000\040\000b\000\341\000o\000\040\000k\036\277\000t\000\040\000q\000u\036\243}{section.3.2}% 35
\BOOKMARK [2][-]{subsection.3.2.3}{\376\377\000T\000h\000\352\000m\000\040\000n\000g\001\260\036\335\000i\000\040\000t\000\354\000m\000\040\000k\000i\036\277\000m\000\040\000v\000\340\000o\000\040\000h\036\307\000\040\000t\000h\036\321\000n\000g}{section.3.2}% 36
\BOOKMARK [2][-]{subsection.3.2.4}{\376\377\000N\000g\001\260\036\335\000i\000\040\000t\000\354\000m\000\040\000k\000i\036\277\000m\000\040\000b\000\341\000o\000\040\000c\000\341\000o\000\040\000k\036\277\000t\000\040\000q\000u\036\243}{section.3.2}% 37
\BOOKMARK [2][-]{subsection.3.2.5}{\376\377\000H\036\307\000\040\000t\000h\036\321\000n\000g\000\040\000b\000\341\000o\000\040\000c\000\341\000o\000\040\000k\036\277\000t\000\040\000q\000u\036\243}{section.3.2}% 38
\BOOKMARK [2][-]{subsection.3.2.6}{\376\377\000Y\000\352\000u\000\040\000c\036\247\000u\000\040\000c\000h\036\351\000c\000\040\000n\001\003\000n\000g}{section.3.2}% 39
\BOOKMARK [2][-]{subsection.3.2.7}{\376\377\000Y\000\352\000u\000\040\000c\036\247\000u\000\040\000p\000h\000i\000\040\000c\000h\036\351\000c\000\040\000n\001\003\000n\000g}{section.3.2}% 40
\BOOKMARK [1][-]{section.3.3}{\376\377\000M\000\364\000\040\000h\000\354\000n\000h\000\040\000u\000s\000e\000c\000a\000s\000e}{chapter.3}% 41
\BOOKMARK [2][-]{subsection.3.3.1}{\376\377\000X\000\341\000c\000\040\001\021\036\313\000n\000h\000\040\000c\000\341\000c\000\040\000t\000\341\000c\000\040\000n\000h\000\342\000n\000\040\000v\000\340\000\040\000u\000s\000e\000c\000a\000s\000e}{section.3.3}% 42
\BOOKMARK [2][-]{subsection.3.3.2}{\376\377\000X\000\342\000y\000\040\000d\036\361\000n\000g\000\040\000b\000i\036\303\000u\000\040\001\021\036\323\000\040\000u\000s\000e\000c\000a\000s\000e\000\040\000t\036\325\000n\000g\000\040\000q\000u\000\341\000t}{section.3.3}% 43
\BOOKMARK [2][-]{subsection.3.3.3}{\376\377\001\020\036\267\000c\000\040\000t\036\243\000\040\000c\000h\000i\000\040\000t\000i\036\277\000t\000\040\000c\000\341\000c\000\040\000u\000s\000e\000c\000a\000s\000e}{section.3.3}% 44
\BOOKMARK [1][-]{section.3.4}{\376\377\000B\000i\036\301\000u\000\040\001\021\036\323\000\040\000t\000u\036\247\000n\000\040\000t\036\361\000\040\000t\001\260\001\241\000n\000g\000\040\036\351\000n\000g\000\040\000v\036\333\000i\000\040\000c\000\341\000c\000\040\000u\000s\000e\000c\000a\000s\000e}{chapter.3}% 45
\BOOKMARK [2][-]{subsection.3.4.1}{\376\377\000B\000i\036\301\000u\000\040\001\021\036\323\000\040\000t\000u\036\247\000n\000\040\000t\036\361\000\040\000c\000a\000\040\000b\000\341\000o\000\040\000c\000\341\000o\000\040\000n\000g\001\260\036\335\000i\000\040\000m\036\245\000t\000\040\000t\000\355\000c\000h}{section.3.4}% 46
\BOOKMARK [2][-]{subsection.3.4.2}{\376\377\000B\000i\036\301\000u\000\040\001\021\036\323\000\040\000t\000u\036\247\000n\000\040\000t\036\361\000\040\000c\000a\000\040\000b\000\341\000o\000\040\000c\000\341\000o\000\040\000n\000g\001\260\036\335\000i\000\040\000m\036\245\000t\000\040\000t\000\355\000c\000h}{section.3.4}% 47
\BOOKMARK [1][-]{section.3.5}{\376\377\000M\000\364\000\040\000h\000\354\000n\000h\000\040\000E\000R\000D}{chapter.3}% 48
\BOOKMARK [1][-]{section.3.6}{\376\377\000M\000\364\000\040\000h\000\354\000n\000h\000\040\000c\001\241\000\040\000s\036\337\000\040\000d\036\357\000\040\000l\000i\036\307\000u\000\040\000q\000u\000a\000n\000\040\000h\036\307}{chapter.3}% 49
\BOOKMARK [1][-]{section.3.7}{\376\377\000M\000\364\000\040\000h\000\354\000n\000h\000\040\000d\036\357\000\040\000l\000i\036\307\000u}{chapter.3}% 50
\BOOKMARK [2][-]{subsection.3.7.1}{\376\377\000X\000\351\000t\000\040\000U\000s\000e\000r\000s\000\040\040\023\000\040\000P\000o\000s\000t\000s}{section.3.7}% 51
\BOOKMARK [2][-]{subsection.3.7.2}{\376\377\000X\000\351\000t\000\040\000M\000I\000S\000S\000I\000N\000G\000\137\000D\000O\000C\000U\000M\000E\000N\000T\000\040\040\023\000\040\000V\000O\000L\000U\000N\000T\000E\000E\000R\000\137\000R\000E\000P\000O\000R\000T}{section.3.7}% 52
\BOOKMARK [2][-]{subsection.3.7.3}{\376\377\000X\000\351\000t\000\040\000V\000O\000L\000U\000N\000T\000E\000E\000R\000\040\040\023\000\040\000V\000O\000L\000U\000N\000T\000E\000E\000R\000\137\000R\000E\000P\000O\000R\000T}{section.3.7}% 53
\BOOKMARK [2][-]{subsection.3.7.4}{\376\377\000X\000\351\000t\000\040\000A\000R\000E\000A\000\040\040\023\000\040\000D\000E\000T\000A\000I\000L\000\137\000A\000R\000E\000A\000\137\000A\000C\000C\000O\000U\000N\000T}{section.3.7}% 54
\BOOKMARK [2][-]{subsection.3.7.5}{\376\377\000X\000\351\000t\000\040\000V\000O\000L\000U\000N\000T\000E\000E\000R\000\040\040\023\000\040\000V\000O\000L\000U\000N\000T\000E\000E\000R\000\137\000S\000U\000B\000S\000C\000R\000I\000P\000T\000I\000O\000N}{section.3.7}% 55
\BOOKMARK [2][-]{subsection.3.7.6}{\376\377\000X\000\351\000t\000\040\000M\000I\000S\000S\000I\000N\000G\000\137\000D\000O\000C\000U\000M\000E\000N\000T\000\040\040\023\000\040\000V\000O\000L\000U\000N\000T\000E\000E\000R\000\137\000S\000U\000B\000S\000C\000R\000I\000P\000T\000I\000O\000N}{section.3.7}% 56
\BOOKMARK [1][-]{section.3.8}{\376\377\000H\000o\000\340\000n\000\040\000t\000h\000i\036\307\000n\000\040\000m\000\364\000\040\000h\000\354\000n\000h}{chapter.3}% 57
\BOOKMARK [0][-]{chapter.4}{\376\377\000X\000\302\000Y\000\040\000D\036\360\000N\000G\000\040\000H\036\306\000\040\000T\000H\036\320\000N\000G}{}% 58
\BOOKMARK [1][-]{section.4.1}{\376\377\000Y\000\352\000u\000\040\000c\036\247\000u\000\040\000h\036\307\000\040\000t\000h\036\321\000n\000g}{chapter.4}% 59
\BOOKMARK [1][-]{section.4.2}{\376\377\000D\000e\000m\000o\000\040\000g\000i\000a\000o\000\040\000d\000i\036\307\000n}{chapter.4}% 60
\BOOKMARK [2][-]{subsection.4.2.1}{\376\377\000G\000i\000a\000o\000\040\000d\000i\036\307\000n\000\040\000T\000r\000a\000n\000g\000\040\000c\000h\036\347}{section.4.2}% 61
\BOOKMARK [2][-]{subsection.4.2.2}{\376\377\000G\000i\000a\000o\000\040\000d\000i\036\307\000n\000\040\001\020\001\003\000n\000g\000\040\000n\000h\036\255\000p}{section.4.2}% 62
\BOOKMARK [2][-]{subsection.4.2.3}{\376\377\000G\000i\000a\000o\000\040\000d\000i\036\307\000n\000\040\001\020\001\003\000n\000g\000\040\000k\000\355}{section.4.2}% 63
\BOOKMARK [2][-]{subsection.4.2.4}{\376\377\000G\000i\000a\000o\000\040\000d\000i\036\307\000n\000\040\001\020\001\003\000n\000g\000\040\000t\000h\000\364\000n\000g\000\040\000t\000i\000n\000\040\000m\036\245\000t\000\040\000t\000\355\000c\000h}{section.4.2}% 64
\BOOKMARK [2][-]{subsection.4.2.5}{\376\377\000G\000i\000a\000o\000\040\000d\000i\036\307\000n\000\040\000Q\000u\036\243\000n\000\040\000l\000\375\000\040\000t\000\340\000i\000\040\000k\000h\000o\036\243\000n}{section.4.2}% 65
\BOOKMARK [2][-]{subsection.4.2.6}{\376\377\000G\000i\000a\000o\000\040\000d\000i\036\307\000n\000\040\000H\000i\036\303\000n\000\040\000t\000h\036\313\000\040\000c\000a\000\040\000m\036\245\000t\000\040\000t\000\355\000c\000h\000\040\000t\000r\000\352\000n\000\040\000b\036\243\000n\000\040\001\021\036\323}{section.4.2}% 66
\BOOKMARK [2][-]{subsection.4.2.7}{\376\377\000G\000i\000a\000o\000\040\000d\000i\036\307\000n\000\040\000H\000i\036\303\000n\000\040\000t\000h\036\313\000\040\000c\000h\036\351\000c\000\040\000n\001\003\000n\000g\000\040\000c\036\347\000a\000\040\000n\000g\001\260\036\335\000i\000\040\000d\000\371\000n\000g}{section.4.2}% 67
\BOOKMARK [1][-]{section.4.3}{\376\377\000S\000o\000u\000r\000c\000e\000\040\000c\000o\000d\000e}{chapter.4}% 68
\BOOKMARK [0][-]{chapter.5}{\376\377\000T\036\324\000N\000G\000\040\000K\036\276\000T\000\040\000V\000\300\000\040\000H\001\257\036\332\000N\000G\000\040\000P\000H\000\301\000T\000\040\000T\000R\000I\036\302\000N}{}% 69
\BOOKMARK [1][-]{section.5.1}{\376\377\000T\036\325\000n\000g\000\040\000k\036\277\000t}{chapter.5}% 70
\BOOKMARK [2][-]{subsection.5.1.1}{\376\377\000K\036\277\000t\000\040\000q\000u\036\243\000\040\001\021\036\241\000t\000\040\001\021\001\260\036\343\000c}{section.5.1}% 71
\BOOKMARK [2][-]{subsection.5.1.2}{\376\377\000H\036\241\000n\000\040\000c\000h\036\277}{section.5.1}% 72
\BOOKMARK [1][-]{section.5.2}{\376\377\000H\001\260\036\333\000n\000g\000\040\000p\000h\000\341\000t\000\040\000t\000r\000i\036\303\000n}{chapter.5}% 73
\BOOKMARK [0][-]{section*.54}{\376\377\000T\000\300\000I\000\040\000L\000I\036\306\000U\000\040\000T\000H\000A\000M\000\040\000K\000H\036\242\000O}{}% 74
